Can't send. Can't prepare file to send. Can't recognize